
Running 15 tests using 1 worker

--- Homepage Console Errors ---
--- Homepage Failed Requests ---
  Γ£ô   1 tests\bee-app.spec.ts:7:7 ΓÇ║ Ria AI App ΓÇö Production Smoke Tests ΓÇ║ Homepage loads and redirects to sign-in (784ms)
  Γ£ÿ   2 tests\bee-app.spec.ts:35:7 ΓÇ║ Ria AI App ΓÇö Production Smoke Tests ΓÇ║ Sign-in page renders correctly (577ms)
  Γ£ÿ   3 tests\bee-app.spec.ts:60:7 ΓÇ║ Ria AI App ΓÇö Production Smoke Tests ΓÇ║ Login with correct credentials works (16.9s)
  Γ£ô   4 tests\bee-app.spec.ts:78:7 ΓÇ║ Ria AI App ΓÇö Production Smoke Tests ΓÇ║ Login with wrong credentials shows error (2.9s)
  Γ£ô   5 tests\bee-app.spec.ts:94:7 ΓÇ║ Ria AI App ΓÇö Production Smoke Tests ΓÇ║ Dashboard redirects unauthenticated users (637ms)
  Γ£ô   6 tests\bee-app.spec.ts:103:7 ΓÇ║ Ria AI App ΓÇö Production Smoke Tests ΓÇ║ Protected routes redirect ΓÇö /projects (673ms)
  Γ£ô   7 tests\bee-app.spec.ts:110:7 ΓÇ║ Ria AI App ΓÇö Production Smoke Tests ΓÇ║ Protected routes redirect ΓÇö /tasks (602ms)
  Γ£ô   8 tests\bee-app.spec.ts:117:7 ΓÇ║ Ria AI App ΓÇö Production Smoke Tests ΓÇ║ Protected routes redirect ΓÇö /vps (713ms)
  Γ£ô   9 tests\bee-app.spec.ts:124:7 ΓÇ║ Ria AI App ΓÇö Production Smoke Tests ΓÇ║ Protected routes redirect ΓÇö /settings (646ms)
  Γ£ô  10 tests\bee-app.spec.ts:131:7 ΓÇ║ Ria AI App ΓÇö Production Smoke Tests ΓÇ║ Protected routes redirect ΓÇö /chat/general (624ms)
  Γ£ô  11 tests\bee-app.spec.ts:138:7 ΓÇ║ Ria AI App ΓÇö Production Smoke Tests ΓÇ║ API health ΓÇö /api/chat returns 401 without auth (671ms)
  Γ£ô  12 tests\bee-app.spec.ts:145:7 ΓÇ║ Ria AI App ΓÇö Production Smoke Tests ΓÇ║ API health ΓÇö /api/clickup/tasks returns error without auth (846ms)
  Γ£ô  13 tests\bee-app.spec.ts:151:7 ΓÇ║ Ria AI App ΓÇö Production Smoke Tests ΓÇ║ API health ΓÇö /api/vps/status returns data (610ms)
Favicon status: [33m200[39m
  Γ£ô  14 tests\bee-app.spec.ts:158:7 ΓÇ║ Ria AI App ΓÇö Production Smoke Tests ΓÇ║ Static assets load ΓÇö favicon (367ms)
  Γ£ô  15 tests\bee-app.spec.ts:166:7 ΓÇ║ Ria AI App ΓÇö Production Smoke Tests ΓÇ║ No 500 errors on any page (1.8s)


  1) tests\bee-app.spec.ts:35:7 ΓÇ║ Ria AI App ΓÇö Production Smoke Tests ΓÇ║ Sign-in page renders correctly 

    Error: [2mexpect([22m[31mreceived[39m[2m).[22mtoContain[2m([22m[32mexpected[39m[2m) // indexOf[22m

    Expected substring: [32m"Admin Command Center"[39m
    Received string:    [31m"((a,b,c,d,e,f,g,h)=>{let i=document.documentElement,j=[\"light\",\"dark\"];function k(b){var c;(Array.isArray(a)?a:[a]).forEach(a=>{let c=\"class\"===a,d=c&&f?e.map(a=>f[a]||a):e;c?(i.classList.remove(...d),i.classList.add(f&&f[b]?f[b]:b)):i.setAttribute(a,b)}),c=b,h&&j.includes(c)&&(i.style.colorScheme=c)}if(d)k(d);else try{let a=localStorage.getItem(b)||c,d=g&&\"system\"===a?window.matchMedia(\"(prefers-color-scheme: dark)\").matches?\"dark\":\"light\":a;k(d)}catch(a){}})(\"class\",\"theme\",\"dark\",null,[\"light\",\"dark\"],null,false,true)Ria AIYour AI Chief of StaffUsernamePasswordSign inorContinue with GoogleGoogle login grants additional access to:Google Drive ΓÇö browse and read your filesGmail ΓÇö read and search your emailsCalendar ΓÇö manage your schedule(self.__next_f=self.__next_f||[]).push([0])self.__next_f.push([1,\"1:\\\"$Sreact.fragment\\\"\\n2:I[1661,[\\\"/_next/static/chunks/2892cb4cb423ca45.js\\\",\\\"/_next/static/chunks/2dd20a0b531eee56.js\\\",\\\"/_next/static/chunks/3b8e6a42bfd67c25.js\\\"],\\\"Providers\\\"]\\n3:I[339756,[\\\"/_next/static/chunks/d96012bcfc98706a.js\\\",\\\"/_next/static/chunks/73e3194f06db260e.js\\\"],\\\"default\\\"]\\n4:I[837457,[\\\"/_next/static/chunks/d96012bcfc98706a.js\\\",\\\"/_next/static/chunks/73e3194f06db260e.js\\\"],\\\"default\\\"]\\n5:I[347257,[\\\"/_next/static/chunks/d96012bcfc98706a.js\\\",\\\"/_next/static/chunks/73e3194f06db260e.js\\\"],\\\"ClientPageRoot\\\"]\\n6:I[205380,[\\\"/_next/static/chunks/2892cb4cb423ca45.js\\\",\\\"/_next/static/chunks/2dd20a0b531eee56.js\\\",\\\"/_next/static/chunks/3b8e6a42bfd67c25.js\\\",\\\"/_next/static/chunks/5634f756930563c5.js\\\"],\\\"default\\\"]\\n9:I[897367,[\\\"/_next/static/chunks/d96012bcfc98706a.js\\\",\\\"/_next/static/chunks/73e3194f06db260e.js\\\"],\\\"OutletBoundary\\\"]\\na:\\\"$Sreact.suspense\\\"\\nc:I[897367,[\\\"/_next/static/chunks/d96012bcfc98706a.js\\\",\\\"/_next/static/chunks/73e3194f06db260e.js\\\"],\\\"ViewportBoundary\\\"]\\ne:I[897367,[\\\"/_next/static/chunks/d96012bcfc98706a.js\\\",\\\"/_next/static/chunks/73e3194f06db260e.js\\\"],\\\"MetadataBoundary\\\"]\\n10:I[168027,[],\\\"default\\\"]\\n:HL[\\\"/_next/static/chunks/c725e299240e4218.css\\\",\\\"style\\\"]\\n:HL[\\\"/_next/static/media/83afe278b6a6bb3c-s.p.3a6ba036.woff2\\\",\\\"font\\\",{\\\"crossOrigin\\\":\\\"\\\",\\\"type\\\":\\\"font/woff2\\\"}]\\n\"])self.__next_f.push([1,\"0:{\\\"P\\\":null,\\\"b\\\":\\\"Z2ZED6qapuuH0TB3g_9iG\\\",\\\"c\\\":[\\\"\\\",\\\"sign-in\\\"],\\\"q\\\":\\\"\\\",\\\"i\\\":false,\\\"f\\\":[[[\\\"\\\",{\\\"children\\\":[\\\"(auth)\\\",{\\\"children\\\":[\\\"sign-in\\\",{\\\"children\\\":[\\\"__PAGE__\\\",{}]}]}]},\\\"$undefined\\\",\\\"$undefined\\\",true],[[\\\"$\\\",\\\"$1\\\",\\\"c\\\",{\\\"children\\\":[[[\\\"$\\\",\\\"link\\\",\\\"0\\\",{\\\"rel\\\":\\\"stylesheet\\\",\\\"href\\\":\\\"/_next/static/chunks/c725e299240e4218.css\\\",\\\"precedence\\\":\\\"next\\\",\\\"crossOrigin\\\":\\\"$undefined\\\",\\\"nonce\\\":\\\"$undefined\\\"}],[\\\"$\\\",\\\"script\\\",\\\"script-0\\\",{\\\"src\\\":\\\"/_next/static/chunks/2892cb4cb423ca45.js\\\",\\\"async\\\":true,\\\"nonce\\\":\\\"$undefined\\\"}],[\\\"$\\\",\\\"script\\\",\\\"script-1\\\",{\\\"src\\\":\\\"/_next/static/chunks/2dd20a0b531eee56.js\\\",\\\"async\\\":true,\\\"nonce\\\":\\\"$undefined\\\"}],[\\\"$\\\",\\\"script\\\",\\\"script-2\\\",{\\\"src\\\":\\\"/_next/static/chunks/3b8e6a42bfd67c25.js\\\",\\\"async\\\":true,\\\"nonce\\\":\\\"$undefined\\\"}]],[\\\"$\\\",\\\"html\\\",null,{\\\"lang\\\":\\\"en\\\",\\\"suppressHydrationWarning\\\":true,\\\"children\\\":[\\\"$\\\",\\\"body\\\",null,{\\\"className\\\":\\\"inter_5972bc34-module__OU16Qa__className antialiased\\\",\\\"children\\\":[\\\"$\\\",\\\"$L2\\\",null,{\\\"children\\\":[\\\"$\\\",\\\"$L3\\\",null,{\\\"parallelRouterKey\\\":\\\"children\\\",\\\"error\\\":\\\"$undefined\\\",\\\"errorStyles\\\":\\\"$undefined\\\",\\\"errorScripts\\\":\\\"$undefined\\\",\\\"template\\\":[\\\"$\\\",\\\"$L4\\\",null,{}],\\\"templateStyles\\\":\\\"$undefined\\\",\\\"templateScripts\\\":\\\"$undefined\\\",\\\"notFound\\\":[[[\\\"$\\\",\\\"title\\\",null,{\\\"children\\\":\\\"404: This page could not be found.\\\"}],[\\\"$\\\",\\\"div\\\",null,{\\\"style\\\":{\\\"fontFamily\\\":\\\"system-ui,\\\\\\\"Segoe UI\\\\\\\",Roboto,Helvetica,Arial,sans-serif,\\\\\\\"Apple Color Emoji\\\\\\\",\\\\\\\"Segoe UI Emoji\\\\\\\"\\\",\\\"height\\\":\\\"100vh\\\",\\\"textAlign\\\":\\\"center\\\",\\\"display\\\":\\\"flex\\\",\\\"flexDirection\\\":\\\"column\\\",\\\"alignItems\\\":\\\"center\\\",\\\"justifyContent\\\":\\\"center\\\"},\\\"children\\\":[\\\"$\\\",\\\"div\\\",null,{\\\"children\\\":[[\\\"$\\\",\\\"style\\\",null,{\\\"dangerouslySetInnerHTML\\\":{\\\"__html\\\":\\\"body{color:#000;background:#fff;margin:0}.next-error-h1{border-right:1px solid rgba(0,0,0,.3)}@media (prefers-color-scheme:dark){body{color:#fff;background:#000}.next-error-h1{border-right:1px solid rgba(255,255,255,.3)}}\\\"}}],[\\\"$\\\",\\\"h1\\\",null,{\\\"className\\\":\\\"next-error-h1\\\",\\\"style\\\":{\\\"display\\\":\\\"inline-block\\\",\\\"margin\\\":\\\"0 20px 0 0\\\",\\\"padding\\\":\\\"0 23px 0 0\\\",\\\"fontSize\\\":24,\\\"fontWeight\\\":500,\\\"verticalAlign\\\":\\\"top\\\",\\\"lineHeight\\\":\\\"49px\\\"},\\\"children\\\":404}],[\\\"$\\\",\\\"div\\\",null,{\\\"style\\\":{\\\"display\\\":\\\"inline-block\\\"},\\\"children\\\":[\\\"$\\\",\\\"h2\\\",null,{\\\"style\\\":{\\\"fontSize\\\":14,\\\"fontWeight\\\":400,\\\"lineHeight\\\":\\\"49px\\\",\\\"margin\\\":0},\\\"children\\\":\\\"This page could not be found.\\\"}]}]]}]}]],[]],\\\"forbidden\\\":\\\"$undefined\\\",\\\"unauthorized\\\":\\\"$undefined\\\"}]}]}]}]]}],{\\\"children\\\":[[\\\"$\\\",\\\"$1\\\",\\\"c\\\",{\\\"children\\\":[null,[\\\"$\\\",\\\"$L3\\\",null,{\\\"parallelRouterKey\\\":\\\"children\\\",\\\"error\\\":\\\"$undefined\\\",\\\"errorStyles\\\":\\\"$undefined\\\",\\\"errorScripts\\\":\\\"$undefined\\\",\\\"template\\\":[\\\"$\\\",\\\"$L4\\\",null,{}],\\\"templateStyles\\\":\\\"$undefined\\\",\\\"templateScripts\\\":\\\"$undefined\\\",\\\"notFound\\\":[[[\\\"$\\\",\\\"title\\\",null,{\\\"children\\\":\\\"404: This page could not be found.\\\"}],[\\\"$\\\",\\\"div\\\",null,{\\\"style\\\":\\\"$0:f:0:1:0:props:children:1:props:children:props:children:props:children:props:notFound:0:1:props:style\\\",\\\"children\\\":[\\\"$\\\",\\\"div\\\",null,{\\\"children\\\":[[\\\"$\\\",\\\"style\\\",null,{\\\"dangerouslySetInnerHTML\\\":{\\\"__html\\\":\\\"body{color:#000;background:#fff;margin:0}.next-error-h1{border-right:1px solid rgba(0,0,0,.3)}@media (prefers-color-scheme:dark){body{color:#fff;background:#000}.next-error-h1{border-right:1px solid rgba(255,255,255,.3)}}\\\"}}],[\\\"$\\\",\\\"h1\\\",null,{\\\"className\\\":\\\"next-error-h1\\\",\\\"style\\\":\\\"$0:f:0:1:0:props:children:1:props:children:props:children:props:children:props:notFound:0:1:props:children:props:children:1:props:style\\\",\\\"children\\\":404}],[\\\"$\\\",\\\"div\\\",null,{\\\"style\\\":\\\"$0:f:0:1:0:props:children:1:props:children:props:children:props:children:props:notFound:0:1:props:children:props:children:2:props:style\\\",\\\"children\\\":[\\\"$\\\",\\\"h2\\\",null,{\\\"style\\\":\\\"$0:f:0:1:0:props:children:1:props:children:props:children:props:children:props:notFound:0:1:props:children:props:children:2:props:children:props:style\\\",\\\"children\\\":\\\"This page could not be found.\\\"}]}]]}]}]],[]],\\\"forbidden\\\":\\\"$undefined\\\",\\\"unauthorized\\\":\\\"$undefined\\\"}]]}],{\\\"children\\\":[[\\\"$\\\",\\\"$1\\\",\\\"c\\\",{\\\"children\\\":[null,[\\\"$\\\",\\\"$L3\\\",null,{\\\"parallelRouterKey\\\":\\\"children\\\",\\\"error\\\":\\\"$undefined\\\",\\\"errorStyles\\\":\\\"$undefined\\\",\\\"errorScripts\\\":\\\"$undefined\\\",\\\"template\\\":[\\\"$\\\",\\\"$L4\\\",null,{}],\\\"templateStyles\\\":\\\"$undefined\\\",\\\"templateScripts\\\":\\\"$undefined\\\",\\\"notFound\\\":\\\"$undefined\\\",\\\"forbidden\\\":\\\"$undefined\\\",\\\"unauthorized\\\":\\\"$undefined\\\"}]]}],{\\\"children\\\":[[\\\"$\\\",\\\"$1\\\",\\\"c\\\",{\\\"children\\\":[[\\\"$\\\",\\\"$L5\\\",null,{\\\"Component\\\":\\\"$6\\\",\\\"serverProvidedParams\\\":{\\\"searchParams\\\":{},\\\"params\\\":{},\\\"promises\\\":[\\\"$@7\\\",\\\"$@8\\\"]}}],[[\\\"$\\\",\\\"script\\\",\\\"script-0\\\",{\\\"src\\\":\\\"/_next/static/chunks/5634f756930563c5.js\\\",\\\"async\\\":true,\\\"nonce\\\":\\\"$undefined\\\"}]],[\\\"$\\\",\\\"$L9\\\",null,{\\\"children\\\":[\\\"$\\\",\\\"$a\\\",null,{\\\"name\\\":\\\"Next.MetadataOutlet\\\",\\\"children\\\":\\\"$@b\\\"}]}]]}],{},null,false,false]},null,false,false]},null,false,false]},null,false,false],[\\\"$\\\",\\\"$1\\\",\\\"h\\\",{\\\"children\\\":[null,[\\\"$\\\",\\\"$Lc\\\",null,{\\\"children\\\":\\\"$Ld\\\"}],[\\\"$\\\",\\\"div\\\",null,{\\\"hidden\\\":true,\\\"children\\\":[\\\"$\\\",\\\"$Le\\\",null,{\\\"children\\\":[\\\"$\\\",\\\"$a\\\",null,{\\\"name\\\":\\\"Next.Metadata\\\",\\\"children\\\":\\\"$Lf\\\"}]}]}],[\\\"$\\\",\\\"meta\\\",null,{\\\"name\\\":\\\"next-size-adjust\\\",\\\"content\\\":\\\"\\\"}]]}],false]],\\\"m\\\":\\\"$undefined\\\",\\\"G\\\":[\\\"$10\\\",[]],\\\"S\\\":true}\\n\"])self.__next_f.push([1,\"7:{}\\n8:\\\"$0:f:0:1:1:children:1:children:1:children:0:props:children:0:props:serverProvidedParams:params\\\"\\n\"])self.__next_f.push([1,\"d:[[\\\"$\\\",\\\"meta\\\",\\\"0\\\",{\\\"charSet\\\":\\\"utf-8\\\"}],[\\\"$\\\",\\\"meta\\\",\\\"1\\\",{\\\"name\\\":\\\"viewport\\\",\\\"content\\\":\\\"width=device-width, initial-scale=1\\\"}]]\\n\"])self.__next_f.push([1,\"11:I[27201,[\\\"/_next/static/chunks/d96012bcfc98706a.js\\\",\\\"/_next/static/chunks/73e3194f06db260e.js\\\"],\\\"IconMark\\\"]\\nb:null\\nf:[[\\\"$\\\",\\\"title\\\",\\\"0\\\",{\\\"children\\\":\\\"Ria AI ΓÇö Command Center\\\"}],[\\\"$\\\",\\\"meta\\\",\\\"1\\\",{\\\"name\\\":\\\"description\\\",\\\"content\\\":\\\"AI-powered life \\u0026 business command center. Chat with Ria, manage tasks, track finance, health, and more.\\\"}],[\\\"$\\\",\\\"link\\\",\\\"2\\\",{\\\"rel\\\":\\\"manifest\\\",\\\"href\\\":\\\"/manifest.json\\\",\\\"crossOrigin\\\":\\\"$undefined\\\"}],[\\\"$\\\",\\\"meta\\\",\\\"3\\\",{\\\"name\\\":\\\"mobile-web-app-capable\\\",\\\"content\\\":\\\"yes\\\"}],[\\\"$\\\",\\\"meta\\\",\\\"4\\\",{\\\"name\\\":\\\"apple-mobile-web-app-title\\\",\\\"content\\\":\\\"Ria AI\\\"}],[\\\"$\\\",\\\"meta\\\",\\\"5\\\",{\\\"name\\\":\\\"apple-mobile-web-app-status-bar-style\\\",\\\"content\\\":\\\"black-translucent\\\"}],[\\\"$\\\",\\\"link\\\",\\\"6\\\",{\\\"rel\\\":\\\"icon\\\",\\\"href\\\":\\\"/favicon.ico?favicon.0b3bf435.ico\\\",\\\"sizes\\\":\\\"256x256\\\",\\\"type\\\":\\\"image/x-icon\\\"}],[\\\"$\\\",\\\"link\\\",\\\"7\\\",{\\\"rel\\\":\\\"icon\\\",\\\"href\\\":\\\"/icon.svg?icon.a2ba063a.svg\\\",\\\"sizes\\\":\\\"any\\\",\\\"type\\\":\\\"image/svg+xml\\\"}],[\\\"$\\\",\\\"$L11\\\",\\\"8\\\",{}]]\\n\"])"[39m

      52 |     const body = await page.textContent("body");
      53 |     expect(body).toContain("Ria");
    > 54 |     expect(body).toContain("Admin Command Center");
         |                  ^
      55 |
      56 |     console.log("--- Sign-in Console Errors ---");
      57 |     consoleErrors.forEach((e) => console.log("  ERROR:", e));
        at D:\Projects\Workitulife\tests\bee-app.spec.ts:54:18

    attachment #1: screenshot (image/png) ΓöÇΓöÇΓöÇΓöÇΓöÇΓöÇΓöÇΓöÇΓöÇΓöÇΓöÇΓöÇΓöÇΓöÇΓöÇΓöÇΓöÇΓöÇΓöÇΓöÇΓöÇΓöÇΓöÇΓöÇΓöÇΓöÇΓöÇΓöÇΓöÇΓöÇΓöÇΓöÇΓöÇΓöÇΓöÇΓöÇΓöÇΓöÇΓöÇΓöÇΓöÇΓöÇΓöÇΓöÇΓöÇΓöÇΓöÇΓöÇΓöÇΓöÇΓöÇΓöÇΓöÇΓöÇΓöÇΓöÇΓöÇΓöÇ
    test-results\bee-app-Ria-AI-App-ΓÇö-Produ-1aeb9-n-in-page-renders-correctly\test-failed-1.png
    ΓöÇΓöÇΓöÇΓöÇΓöÇΓöÇΓöÇΓöÇΓöÇΓöÇΓöÇΓöÇΓöÇΓöÇΓöÇΓöÇΓöÇΓöÇΓöÇΓöÇΓöÇΓöÇΓöÇΓöÇΓöÇΓöÇΓöÇΓöÇΓöÇΓöÇΓöÇΓöÇΓöÇΓöÇΓöÇΓöÇΓöÇΓöÇΓöÇΓöÇΓöÇΓöÇΓöÇΓöÇΓöÇΓöÇΓöÇΓöÇΓöÇΓöÇΓöÇΓöÇΓöÇΓöÇΓöÇΓöÇΓöÇΓöÇΓöÇΓöÇΓöÇΓöÇΓöÇΓöÇΓöÇΓöÇΓöÇΓöÇΓöÇΓöÇΓöÇΓöÇΓöÇΓöÇΓöÇΓöÇΓöÇΓöÇΓöÇΓöÇΓöÇΓöÇΓöÇΓöÇΓöÇΓöÇΓöÇΓöÇΓöÇΓöÇΓöÇΓöÇΓöÇΓöÇΓöÇΓöÇ

    Error Context: test-results\bee-app-Ria-AI-App-ΓÇö-Produ-1aeb9-n-in-page-renders-correctly\error-context.md

  2) tests\bee-app.spec.ts:60:7 ΓÇ║ Ria AI App ΓÇö Production Smoke Tests ΓÇ║ Login with correct credentials works 

    TimeoutError: page.waitForURL: Timeout 15000ms exceeded.
    =========================== logs ===========================
    waiting for navigation until "load"
      navigated to "https://bee-ai-app.vercel.app/sign-in"
      navigated to "https://bee-ai-app.vercel.app/sign-in"
    ============================================================

      71 |
      72 |     // Should redirect to dashboard
    > 73 |     await page.waitForURL(/dashboard/, { timeout: 15000 });
         |                ^
      74 |     const body = await page.textContent("body");
      75 |     expect(body).toContain("Welcome back");
      76 |   });
        at D:\Projects\Workitulife\tests\bee-app.spec.ts:73:16

    attachment #1: screenshot (image/png) ΓöÇΓöÇΓöÇΓöÇΓöÇΓöÇΓöÇΓöÇΓöÇΓöÇΓöÇΓöÇΓöÇΓöÇΓöÇΓöÇΓöÇΓöÇΓöÇΓöÇΓöÇΓöÇΓöÇΓöÇΓöÇΓöÇΓöÇΓöÇΓöÇΓöÇΓöÇΓöÇΓöÇΓöÇΓöÇΓöÇΓöÇΓöÇΓöÇΓöÇΓöÇΓöÇΓöÇΓöÇΓöÇΓöÇΓöÇΓöÇΓöÇΓöÇΓöÇΓöÇΓöÇΓöÇΓöÇΓöÇΓöÇΓöÇ
    test-results\bee-app-Ria-AI-App-ΓÇö-Produ-e132a-h-correct-credentials-works\test-failed-1.png
    ΓöÇΓöÇΓöÇΓöÇΓöÇΓöÇΓöÇΓöÇΓöÇΓöÇΓöÇΓöÇΓöÇΓöÇΓöÇΓöÇΓöÇΓöÇΓöÇΓöÇΓöÇΓöÇΓöÇΓöÇΓöÇΓöÇΓöÇΓöÇΓöÇΓöÇΓöÇΓöÇΓöÇΓöÇΓöÇΓöÇΓöÇΓöÇΓöÇΓöÇΓöÇΓöÇΓöÇΓöÇΓöÇΓöÇΓöÇΓöÇΓöÇΓöÇΓöÇΓöÇΓöÇΓöÇΓöÇΓöÇΓöÇΓöÇΓöÇΓöÇΓöÇΓöÇΓöÇΓöÇΓöÇΓöÇΓöÇΓöÇΓöÇΓöÇΓöÇΓöÇΓöÇΓöÇΓöÇΓöÇΓöÇΓöÇΓöÇΓöÇΓöÇΓöÇΓöÇΓöÇΓöÇΓöÇΓöÇΓöÇΓöÇΓöÇΓöÇΓöÇΓöÇΓöÇΓöÇΓöÇ

    Error Context: test-results\bee-app-Ria-AI-App-ΓÇö-Produ-e132a-h-correct-credentials-works\error-context.md

  2 failed
    tests\bee-app.spec.ts:35:7 ΓÇ║ Ria AI App ΓÇö Production Smoke Tests ΓÇ║ Sign-in page renders correctly 
    tests\bee-app.spec.ts:60:7 ΓÇ║ Ria AI App ΓÇö Production Smoke Tests ΓÇ║ Login with correct credentials works 
  13 passed (32.5s)
